[2026-05-10T18:32:43.887+0100][0.012s][info][gc] Using G1
[2026-05-10T18:32:43.891+0100][0.017s][info][gc,init] Version: 17.0.17+10 (release)
[2026-05-10T18:32:43.891+0100][0.017s][info][gc,init] CPUs: 22 total, 22 available
[2026-05-10T18:32:43.891+0100][0.017s][info][gc,init] Memory: 32373M
[2026-05-10T18:32:43.891+0100][0.017s][info][gc,init] Large Page Support: Disabled
[2026-05-10T18:32:43.891+0100][0.017s][info][gc,init] NUMA Support: Disabled
[2026-05-10T18:32:43.891+0100][0.017s][info][gc,init] Compressed Oops: Enabled (32-bit)
[2026-05-10T18:32:43.891+0100][0.017s][info][gc,init] Heap Region Size: 1M
[2026-05-10T18:32:43.891+0100][0.017s][info][gc,init] Heap Min Capacity: 512M
[2026-05-10T18:32:43.891+0100][0.017s][info][gc,init] Heap Initial Capacity: 512M
[2026-05-10T18:32:43.898+0100][0.023s][info][gc,init] Heap Max Capacity: 2G
[2026-05-10T18:32:43.898+0100][0.023s][info][gc,init] Pre-touch: Disabled
[2026-05-10T18:32:43.898+0100][0.023s][info][gc,init] Parallel Workers: 16
[2026-05-10T18:32:43.898+0100][0.023s][info][gc,init] Concurrent Workers: 4
[2026-05-10T18:32:43.898+0100][0.023s][info][gc,init] Concurrent Refinement Workers: 16
[2026-05-10T18:32:43.898+0100][0.023s][info][gc,init] Periodic GC: Disabled
[2026-05-10T18:32:43.908+0100][0.033s][info][gc,metaspace] CDS archive(s) mapped at: [0x000001ee00000000-0x000001ee00bb0000-0x000001ee00bb0000), size 12255232, SharedBaseAddress: 0x000001ee00000000, ArchiveRelocationMode: 1.
[2026-05-10T18:32:43.908+0100][0.033s][info][gc,metaspace] Compressed class space mapped at: 0x000001ee01000000-0x000001ee41000000, reserved size: 1073741824
[2026-05-10T18:32:43.908+0100][0.033s][info][gc,metaspace] Narrow klass base: 0x000001ee00000000, Narrow klass shift: 0, Narrow klass range: 0x100000000
[2026-05-10T18:32:44.158+0100][0.283s][info][gc,start    ] GC(0) Pause Young (Normal) (G1 Evacuation Pause)
[2026-05-10T18:32:44.158+0100][0.284s][info][gc,task     ] GC(0) Using 12 workers of 16 for evacuation
[2026-05-10T18:32:44.161+0100][0.287s][info][gc,phases   ] GC(0)   Pre Evacuate Collection Set: 0.1ms
[2026-05-10T18:32:44.162+0100][0.287s][info][gc,phases   ] GC(0)   Merge Heap Roots: 0.1ms
[2026-05-10T18:32:44.162+0100][0.287s][info][gc,phases   ] GC(0)   Evacuate Collection Set: 2.6ms
[2026-05-10T18:32:44.162+0100][0.287s][info][gc,phases   ] GC(0)   Post Evacuate Collection Set: 0.3ms
[2026-05-10T18:32:44.162+0100][0.287s][info][gc,phases   ] GC(0)   Other: 0.7ms
[2026-05-10T18:32:44.162+0100][0.287s][info][gc,heap     ] GC(0) Eden regions: 25->0(29)
[2026-05-10T18:32:44.162+0100][0.287s][info][gc,heap     ] GC(0) Survivor regions: 0->2(4)
[2026-05-10T18:32:44.162+0100][0.287s][info][gc,heap     ] GC(0) Old regions: 0->0
[2026-05-10T18:32:44.162+0100][0.287s][info][gc,heap     ] GC(0) Archive regions: 0->0
[2026-05-10T18:32:44.162+0100][0.287s][info][gc,heap     ] GC(0) Humongous regions: 95->95
[2026-05-10T18:32:44.162+0100][0.287s][info][gc,metaspace] GC(0) Metaspace: 1887K(2048K)->1887K(2048K) NonClass: 1720K(1792K)->1720K(1792K) Class: 167K(256K)->167K(256K)
[2026-05-10T18:32:44.162+0100][0.288s][info][gc          ] GC(0) Pause Young (Normal) (G1 Evacuation Pause) 119M->96M(512M) 4.040ms
[2026-05-10T18:32:44.162+0100][0.288s][info][gc,cpu      ] GC(0) User=0.00s Sys=0.00s Real=0.00s
[2026-05-10T18:32:44.239+0100][0.365s][info][gc,start    ] GC(1) Pause Young (Normal) (G1 Evacuation Pause)
[2026-05-10T18:32:44.239+0100][0.365s][info][gc,task     ] GC(1) Using 12 workers of 16 for evacuation
[2026-05-10T18:32:44.241+0100][0.367s][info][gc,phases   ] GC(1)   Pre Evacuate Collection Set: 0.2ms
[2026-05-10T18:32:44.241+0100][0.367s][info][gc,phases   ] GC(1)   Merge Heap Roots: 0.1ms
[2026-05-10T18:32:44.241+0100][0.367s][info][gc,phases   ] GC(1)   Evacuate Collection Set: 1.8ms
[2026-05-10T18:32:44.241+0100][0.367s][info][gc,phases   ] GC(1)   Post Evacuate Collection Set: 0.4ms
[2026-05-10T18:32:44.241+0100][0.367s][info][gc,phases   ] GC(1)   Other: 0.3ms
[2026-05-10T18:32:44.241+0100][0.367s][info][gc,heap     ] GC(1) Eden regions: 29->0(305)
[2026-05-10T18:32:44.242+0100][0.368s][info][gc,heap     ] GC(1) Survivor regions: 2->2(4)
[2026-05-10T18:32:44.242+0100][0.368s][info][gc,heap     ] GC(1) Old regions: 0->0
[2026-05-10T18:32:44.242+0100][0.368s][info][gc,heap     ] GC(1) Archive regions: 0->0
[2026-05-10T18:32:44.242+0100][0.368s][info][gc,heap     ] GC(1) Humongous regions: 95->95
[2026-05-10T18:32:44.242+0100][0.368s][info][gc,metaspace] GC(1) Metaspace: 1888K(2048K)->1888K(2048K) NonClass: 1721K(1792K)->1721K(1792K) Class: 167K(256K)->167K(256K)
[2026-05-10T18:32:44.242+0100][0.368s][info][gc          ] GC(1) Pause Young (Normal) (G1 Evacuation Pause) 125M->96M(512M) 3.026ms
[2026-05-10T18:32:44.242+0100][0.368s][info][gc,cpu      ] GC(1) User=0.00s Sys=0.00s Real=0.00s
[2026-05-10T18:32:44.572+0100][0.698s][info][gc,start    ] GC(2) Pause Young (Normal) (G1 Evacuation Pause)
[2026-05-10T18:32:44.572+0100][0.698s][info][gc,task     ] GC(2) Using 12 workers of 16 for evacuation
[2026-05-10T18:32:44.575+0100][0.701s][info][gc,phases   ] GC(2)   Pre Evacuate Collection Set: 0.1ms
[2026-05-10T18:32:44.575+0100][0.701s][info][gc,phases   ] GC(2)   Merge Heap Roots: 0.1ms
[2026-05-10T18:32:44.575+0100][0.701s][info][gc,phases   ] GC(2)   Evacuate Collection Set: 2.3ms
[2026-05-10T18:32:44.575+0100][0.701s][info][gc,phases   ] GC(2)   Post Evacuate Collection Set: 0.5ms
[2026-05-10T18:32:44.575+0100][0.701s][info][gc,phases   ] GC(2)   Other: 0.2ms
[2026-05-10T18:32:44.575+0100][0.701s][info][gc,heap     ] GC(2) Eden regions: 305->0(305)
[2026-05-10T18:32:44.575+0100][0.701s][info][gc,heap     ] GC(2) Survivor regions: 2->2(39)
[2026-05-10T18:32:44.575+0100][0.701s][info][gc,heap     ] GC(2) Old regions: 0->0
[2026-05-10T18:32:44.575+0100][0.701s][info][gc,heap     ] GC(2) Archive regions: 0->0
[2026-05-10T18:32:44.575+0100][0.701s][info][gc,heap     ] GC(2) Humongous regions: 95->95
[2026-05-10T18:32:44.575+0100][0.701s][info][gc,metaspace] GC(2) Metaspace: 2335K(2496K)->2335K(2496K) NonClass: 2106K(2176K)->2106K(2176K) Class: 229K(320K)->229K(320K)
[2026-05-10T18:32:44.575+0100][0.701s][info][gc          ] GC(2) Pause Young (Normal) (G1 Evacuation Pause) 401M->96M(512M) 3.396ms
[2026-05-10T18:32:44.575+0100][0.701s][info][gc,cpu      ] GC(2) User=0.02s Sys=0.02s Real=0.00s
[2026-05-10T18:32:44.605+0100][0.730s][info][gc,start    ] GC(3) Pause Young (Normal) (G1 Evacuation Pause)
[2026-05-10T18:32:44.605+0100][0.730s][info][gc,task     ] GC(3) Using 12 workers of 16 for evacuation
[2026-05-10T18:32:44.607+0100][0.733s][info][gc,phases   ] GC(3)   Pre Evacuate Collection Set: 0.1ms
[2026-05-10T18:32:44.607+0100][0.733s][info][gc,phases   ] GC(3)   Merge Heap Roots: 0.3ms
[2026-05-10T18:32:44.607+0100][0.733s][info][gc,phases   ] GC(3)   Evacuate Collection Set: 1.7ms
[2026-05-10T18:32:44.607+0100][0.733s][info][gc,phases   ] GC(3)   Post Evacuate Collection Set: 0.4ms
[2026-05-10T18:32:44.607+0100][0.733s][info][gc,phases   ] GC(3)   Other: 0.2ms
[2026-05-10T18:32:44.607+0100][0.733s][info][gc,heap     ] GC(3) Eden regions: 305->0(305)
[2026-05-10T18:32:44.607+0100][0.733s][info][gc,heap     ] GC(3) Survivor regions: 2->2(39)
[2026-05-10T18:32:44.607+0100][0.733s][info][gc,heap     ] GC(3) Old regions: 0->0
[2026-05-10T18:32:44.607+0100][0.733s][info][gc,heap     ] GC(3) Archive regions: 0->0
[2026-05-10T18:32:44.607+0100][0.733s][info][gc,heap     ] GC(3) Humongous regions: 95->95
[2026-05-10T18:32:44.607+0100][0.733s][info][gc,metaspace] GC(3) Metaspace: 2335K(2496K)->2335K(2496K) NonClass: 2106K(2176K)->2106K(2176K) Class: 229K(320K)->229K(320K)
[2026-05-10T18:32:44.607+0100][0.733s][info][gc          ] GC(3) Pause Young (Normal) (G1 Evacuation Pause) 401M->96M(512M) 2.873ms
[2026-05-10T18:32:44.607+0100][0.733s][info][gc,cpu      ] GC(3) User=0.03s Sys=0.00s Real=0.00s
[2026-05-10T18:32:44.725+0100][0.851s][info][gc,start    ] GC(4) Pause Young (Normal) (G1 Evacuation Pause)
[2026-05-10T18:32:44.725+0100][0.851s][info][gc,task     ] GC(4) Using 12 workers of 16 for evacuation
[2026-05-10T18:32:44.728+0100][0.854s][info][gc,phases   ] GC(4)   Pre Evacuate Collection Set: 0.4ms
[2026-05-10T18:32:44.728+0100][0.854s][info][gc,phases   ] GC(4)   Merge Heap Roots: 0.4ms
[2026-05-10T18:32:44.728+0100][0.854s][info][gc,phases   ] GC(4)   Evacuate Collection Set: 1.3ms
[2026-05-10T18:32:44.728+0100][0.854s][info][gc,phases   ] GC(4)   Post Evacuate Collection Set: 0.8ms
[2026-05-10T18:32:44.728+0100][0.854s][info][gc,phases   ] GC(4)   Other: 0.3ms
[2026-05-10T18:32:44.728+0100][0.854s][info][gc,heap     ] GC(4) Eden regions: 305->0(305)
[2026-05-10T18:32:44.728+0100][0.854s][info][gc,heap     ] GC(4) Survivor regions: 2->2(39)
[2026-05-10T18:32:44.728+0100][0.854s][info][gc,heap     ] GC(4) Old regions: 0->0
[2026-05-10T18:32:44.728+0100][0.854s][info][gc,heap     ] GC(4) Archive regions: 0->0
[2026-05-10T18:32:44.728+0100][0.854s][info][gc,heap     ] GC(4) Humongous regions: 127->127
[2026-05-10T18:32:44.728+0100][0.854s][info][gc,metaspace] GC(4) Metaspace: 2379K(2560K)->2379K(2560K) NonClass: 2145K(2240K)->2145K(2240K) Class: 234K(320K)->234K(320K)
[2026-05-10T18:32:44.729+0100][0.854s][info][gc          ] GC(4) Pause Young (Normal) (G1 Evacuation Pause) 433M->128M(512M) 3.307ms
[2026-05-10T18:32:44.729+0100][0.854s][info][gc,cpu      ] GC(4) User=0.00s Sys=0.00s Real=0.00s
[2026-05-10T18:32:44.871+0100][0.996s][info][gc,start    ] GC(5) Pause Young (Normal) (G1 Evacuation Pause)
[2026-05-10T18:32:44.871+0100][0.996s][info][gc,task     ] GC(5) Using 12 workers of 16 for evacuation
[2026-05-10T18:32:44.873+0100][0.999s][info][gc,phases   ] GC(5)   Pre Evacuate Collection Set: 0.3ms
[2026-05-10T18:32:44.873+0100][0.999s][info][gc,phases   ] GC(5)   Merge Heap Roots: 0.2ms
[2026-05-10T18:32:44.873+0100][0.999s][info][gc,phases   ] GC(5)   Evacuate Collection Set: 1.3ms
[2026-05-10T18:32:44.873+0100][0.999s][info][gc,phases   ] GC(5)   Post Evacuate Collection Set: 0.8ms
[2026-05-10T18:32:44.873+0100][0.999s][info][gc,phases   ] GC(5)   Other: 0.3ms
[2026-05-10T18:32:44.873+0100][0.999s][info][gc,heap     ] GC(5) Eden regions: 305->0(305)
[2026-05-10T18:32:44.873+0100][0.999s][info][gc,heap     ] GC(5) Survivor regions: 2->2(39)
[2026-05-10T18:32:44.873+0100][0.999s][info][gc,heap     ] GC(5) Old regions: 0->0
[2026-05-10T18:32:44.873+0100][0.999s][info][gc,heap     ] GC(5) Archive regions: 0->0
[2026-05-10T18:32:44.873+0100][0.999s][info][gc,heap     ] GC(5) Humongous regions: 127->127
[2026-05-10T18:32:44.873+0100][0.999s][info][gc,metaspace] GC(5) Metaspace: 2379K(2560K)->2379K(2560K) NonClass: 2145K(2240K)->2145K(2240K) Class: 234K(320K)->234K(320K)
[2026-05-10T18:32:44.873+0100][0.999s][info][gc          ] GC(5) Pause Young (Normal) (G1 Evacuation Pause) 433M->128M(512M) 2.956ms
[2026-05-10T18:32:44.873+0100][0.999s][info][gc,cpu      ] GC(5) User=0.00s Sys=0.00s Real=0.00s
[2026-05-10T18:32:44.971+0100][1.096s][info][gc,start    ] GC(6) Pause Young (Normal) (G1 Evacuation Pause)
[2026-05-10T18:32:44.971+0100][1.096s][info][gc,task     ] GC(6) Using 12 workers of 16 for evacuation
[2026-05-10T18:32:44.973+0100][1.098s][info][gc,phases   ] GC(6)   Pre Evacuate Collection Set: 0.1ms
[2026-05-10T18:32:44.973+0100][1.098s][info][gc,phases   ] GC(6)   Merge Heap Roots: 0.1ms
[2026-05-10T18:32:44.973+0100][1.098s][info][gc,phases   ] GC(6)   Evacuate Collection Set: 1.2ms
[2026-05-10T18:32:44.973+0100][1.098s][info][gc,phases   ] GC(6)   Post Evacuate Collection Set: 0.5ms
[2026-05-10T18:32:44.973+0100][1.098s][info][gc,phases   ] GC(6)   Other: 0.2ms
[2026-05-10T18:32:44.973+0100][1.098s][info][gc,heap     ] GC(6) Eden regions: 305->0(305)
[2026-05-10T18:32:44.973+0100][1.098s][info][gc,heap     ] GC(6) Survivor regions: 2->2(39)
[2026-05-10T18:32:44.973+0100][1.098s][info][gc,heap     ] GC(6) Old regions: 0->0
[2026-05-10T18:32:44.973+0100][1.098s][info][gc,heap     ] GC(6) Archive regions: 0->0
[2026-05-10T18:32:44.973+0100][1.098s][info][gc,heap     ] GC(6) Humongous regions: 127->127
[2026-05-10T18:32:44.973+0100][1.098s][info][gc,metaspace] GC(6) Metaspace: 2379K(2560K)->2379K(2560K) NonClass: 2145K(2240K)->2145K(2240K) Class: 234K(320K)->234K(320K)
[2026-05-10T18:32:44.973+0100][1.099s][info][gc          ] GC(6) Pause Young (Normal) (G1 Evacuation Pause) 433M->128M(512M) 2.300ms
[2026-05-10T18:32:44.973+0100][1.099s][info][gc,cpu      ] GC(6) User=0.00s Sys=0.00s Real=0.00s
[2026-05-10T18:32:45.069+0100][1.194s][info][gc,start    ] GC(7) Pause Young (Normal) (G1 Evacuation Pause)
[2026-05-10T18:32:45.069+0100][1.195s][info][gc,task     ] GC(7) Using 12 workers of 16 for evacuation
[2026-05-10T18:32:45.071+0100][1.197s][info][gc,phases   ] GC(7)   Pre Evacuate Collection Set: 0.1ms
[2026-05-10T18:32:45.071+0100][1.197s][info][gc,phases   ] GC(7)   Merge Heap Roots: 0.1ms
[2026-05-10T18:32:45.071+0100][1.197s][info][gc,phases   ] GC(7)   Evacuate Collection Set: 1.2ms
[2026-05-10T18:32:45.071+0100][1.197s][info][gc,phases   ] GC(7)   Post Evacuate Collection Set: 0.4ms
[2026-05-10T18:32:45.071+0100][1.197s][info][gc,phases   ] GC(7)   Other: 0.2ms
[2026-05-10T18:32:45.071+0100][1.197s][info][gc,heap     ] GC(7) Eden regions: 305->0(305)
[2026-05-10T18:32:45.071+0100][1.197s][info][gc,heap     ] GC(7) Survivor regions: 2->2(39)
[2026-05-10T18:32:45.071+0100][1.197s][info][gc,heap     ] GC(7) Old regions: 0->0
[2026-05-10T18:32:45.071+0100][1.197s][info][gc,heap     ] GC(7) Archive regions: 0->0
[2026-05-10T18:32:45.071+0100][1.197s][info][gc,heap     ] GC(7) Humongous regions: 127->127
[2026-05-10T18:32:45.071+0100][1.197s][info][gc,metaspace] GC(7) Metaspace: 2379K(2560K)->2379K(2560K) NonClass: 2145K(2240K)->2145K(2240K) Class: 234K(320K)->234K(320K)
[2026-05-10T18:32:45.071+0100][1.197s][info][gc          ] GC(7) Pause Young (Normal) (G1 Evacuation Pause) 433M->128M(512M) 2.312ms
[2026-05-10T18:32:45.071+0100][1.197s][info][gc,cpu      ] GC(7) User=0.00s Sys=0.00s Real=0.00s
[2026-05-10T18:32:45.221+0100][1.346s][info][gc,start    ] GC(8) Pause Young (Normal) (G1 Evacuation Pause)
[2026-05-10T18:32:45.221+0100][1.346s][info][gc,task     ] GC(8) Using 12 workers of 16 for evacuation
[2026-05-10T18:32:45.223+0100][1.348s][info][gc,phases   ] GC(8)   Pre Evacuate Collection Set: 0.1ms
[2026-05-10T18:32:45.223+0100][1.348s][info][gc,phases   ] GC(8)   Merge Heap Roots: 0.1ms
[2026-05-10T18:32:45.223+0100][1.348s][info][gc,phases   ] GC(8)   Evacuate Collection Set: 1.4ms
[2026-05-10T18:32:45.223+0100][1.348s][info][gc,phases   ] GC(8)   Post Evacuate Collection Set: 0.5ms
[2026-05-10T18:32:45.223+0100][1.348s][info][gc,phases   ] GC(8)   Other: 0.2ms
[2026-05-10T18:32:45.223+0100][1.348s][info][gc,heap     ] GC(8) Eden regions: 305->0(305)
[2026-05-10T18:32:45.223+0100][1.348s][info][gc,heap     ] GC(8) Survivor regions: 2->2(39)
[2026-05-10T18:32:45.223+0100][1.348s][info][gc,heap     ] GC(8) Old regions: 0->0
[2026-05-10T18:32:45.223+0100][1.348s][info][gc,heap     ] GC(8) Archive regions: 0->0
[2026-05-10T18:32:45.223+0100][1.348s][info][gc,heap     ] GC(8) Humongous regions: 127->127
[2026-05-10T18:32:45.223+0100][1.348s][info][gc,metaspace] GC(8) Metaspace: 2379K(2560K)->2379K(2560K) NonClass: 2145K(2240K)->2145K(2240K) Class: 234K(320K)->234K(320K)
[2026-05-10T18:32:45.223+0100][1.348s][info][gc          ] GC(8) Pause Young (Normal) (G1 Evacuation Pause) 433M->128M(512M) 2.549ms
[2026-05-10T18:32:45.223+0100][1.348s][info][gc,cpu      ] GC(8) User=0.00s Sys=0.00s Real=0.00s
[2026-05-10T18:32:45.318+0100][1.444s][info][gc,start    ] GC(9) Pause Young (Normal) (G1 Evacuation Pause)
[2026-05-10T18:32:45.318+0100][1.444s][info][gc,task     ] GC(9) Using 12 workers of 16 for evacuation
[2026-05-10T18:32:45.320+0100][1.446s][info][gc,phases   ] GC(9)   Pre Evacuate Collection Set: 0.1ms
[2026-05-10T18:32:45.320+0100][1.446s][info][gc,phases   ] GC(9)   Merge Heap Roots: 0.1ms
[2026-05-10T18:32:45.320+0100][1.446s][info][gc,phases   ] GC(9)   Evacuate Collection Set: 1.2ms
[2026-05-10T18:32:45.320+0100][1.446s][info][gc,phases   ] GC(9)   Post Evacuate Collection Set: 0.4ms
[2026-05-10T18:32:45.320+0100][1.446s][info][gc,phases   ] GC(9)   Other: 0.2ms
[2026-05-10T18:32:45.320+0100][1.446s][info][gc,heap     ] GC(9) Eden regions: 305->0(305)
[2026-05-10T18:32:45.320+0100][1.446s][info][gc,heap     ] GC(9) Survivor regions: 2->2(39)
[2026-05-10T18:32:45.320+0100][1.446s][info][gc,heap     ] GC(9) Old regions: 0->0
[2026-05-10T18:32:45.320+0100][1.446s][info][gc,heap     ] GC(9) Archive regions: 0->0
[2026-05-10T18:32:45.320+0100][1.446s][info][gc,heap     ] GC(9) Humongous regions: 127->127
[2026-05-10T18:32:45.320+0100][1.446s][info][gc,metaspace] GC(9) Metaspace: 2379K(2560K)->2379K(2560K) NonClass: 2145K(2240K)->2145K(2240K) Class: 234K(320K)->234K(320K)
[2026-05-10T18:32:45.320+0100][1.446s][info][gc          ] GC(9) Pause Young (Normal) (G1 Evacuation Pause) 433M->128M(512M) 2.279ms
[2026-05-10T18:32:45.320+0100][1.446s][info][gc,cpu      ] GC(9) User=0.00s Sys=0.00s Real=0.00s
[2026-05-10T18:32:45.418+0100][1.543s][info][gc,start    ] GC(10) Pause Young (Normal) (G1 Evacuation Pause)
[2026-05-10T18:32:45.418+0100][1.543s][info][gc,task     ] GC(10) Using 12 workers of 16 for evacuation
[2026-05-10T18:32:45.420+0100][1.545s][info][gc,phases   ] GC(10)   Pre Evacuate Collection Set: 0.1ms
[2026-05-10T18:32:45.420+0100][1.545s][info][gc,phases   ] GC(10)   Merge Heap Roots: 0.1ms
[2026-05-10T18:32:45.420+0100][1.545s][info][gc,phases   ] GC(10)   Evacuate Collection Set: 1.2ms
[2026-05-10T18:32:45.420+0100][1.545s][info][gc,phases   ] GC(10)   Post Evacuate Collection Set: 0.4ms
[2026-05-10T18:32:45.420+0100][1.545s][info][gc,phases   ] GC(10)   Other: 0.2ms
[2026-05-10T18:32:45.420+0100][1.545s][info][gc,heap     ] GC(10) Eden regions: 305->0(305)
[2026-05-10T18:32:45.420+0100][1.545s][info][gc,heap     ] GC(10) Survivor regions: 2->2(39)
[2026-05-10T18:32:45.420+0100][1.545s][info][gc,heap     ] GC(10) Old regions: 0->0
[2026-05-10T18:32:45.420+0100][1.545s][info][gc,heap     ] GC(10) Archive regions: 0->0
[2026-05-10T18:32:45.420+0100][1.545s][info][gc,heap     ] GC(10) Humongous regions: 127->127
[2026-05-10T18:32:45.420+0100][1.545s][info][gc,metaspace] GC(10) Metaspace: 2379K(2560K)->2379K(2560K) NonClass: 2145K(2240K)->2145K(2240K) Class: 234K(320K)->234K(320K)
[2026-05-10T18:32:45.420+0100][1.545s][info][gc          ] GC(10) Pause Young (Normal) (G1 Evacuation Pause) 433M->128M(512M) 2.185ms
[2026-05-10T18:32:45.420+0100][1.545s][info][gc,cpu      ] GC(10) User=0.02s Sys=0.00s Real=0.00s
[2026-05-10T18:32:45.519+0100][1.645s][info][gc,start    ] GC(11) Pause Young (Normal) (G1 Evacuation Pause)
[2026-05-10T18:32:45.519+0100][1.645s][info][gc,task     ] GC(11) Using 12 workers of 16 for evacuation
[2026-05-10T18:32:45.521+0100][1.647s][info][gc,phases   ] GC(11)   Pre Evacuate Collection Set: 0.1ms
[2026-05-10T18:32:45.521+0100][1.647s][info][gc,phases   ] GC(11)   Merge Heap Roots: 0.1ms
[2026-05-10T18:32:45.521+0100][1.647s][info][gc,phases   ] GC(11)   Evacuate Collection Set: 1.3ms
[2026-05-10T18:32:45.521+0100][1.647s][info][gc,phases   ] GC(11)   Post Evacuate Collection Set: 0.5ms
[2026-05-10T18:32:45.521+0100][1.647s][info][gc,phases   ] GC(11)   Other: 0.2ms
[2026-05-10T18:32:45.521+0100][1.647s][info][gc,heap     ] GC(11) Eden regions: 305->0(305)
[2026-05-10T18:32:45.521+0100][1.647s][info][gc,heap     ] GC(11) Survivor regions: 2->2(39)
[2026-05-10T18:32:45.521+0100][1.647s][info][gc,heap     ] GC(11) Old regions: 0->0
[2026-05-10T18:32:45.521+0100][1.647s][info][gc,heap     ] GC(11) Archive regions: 0->0
[2026-05-10T18:32:45.521+0100][1.647s][info][gc,heap     ] GC(11) Humongous regions: 127->127
[2026-05-10T18:32:45.521+0100][1.647s][info][gc,metaspace] GC(11) Metaspace: 2379K(2560K)->2379K(2560K) NonClass: 2145K(2240K)->2145K(2240K) Class: 234K(320K)->234K(320K)
[2026-05-10T18:32:45.521+0100][1.647s][info][gc          ] GC(11) Pause Young (Normal) (G1 Evacuation Pause) 433M->128M(512M) 2.269ms
[2026-05-10T18:32:45.521+0100][1.647s][info][gc,cpu      ] GC(11) User=0.00s Sys=0.00s Real=0.00s
[2026-05-10T18:32:45.990+0100][2.115s][info][gc,heap,exit] Heap
[2026-05-10T18:32:45.990+0100][2.115s][info][gc,heap,exit]  garbage-first heap   total 524288K, used 208174K [0x0000000080000000, 0x0000000100000000)
[2026-05-10T18:32:45.990+0100][2.115s][info][gc,heap,exit]   region size 1024K, 77 young (78848K), 2 survivors (2048K)
[2026-05-10T18:32:45.990+0100][2.116s][info][gc,heap,exit]  Metaspace       used 2930K, committed 3136K, reserved 1114112K
[2026-05-10T18:32:45.990+0100][2.116s][info][gc,heap,exit]   class space    used 295K, committed 384K, reserved 1048576K
